track name="intervalBed" description="intervals of column 5 greater than or equal to 1"
MA_20601	17	999
