track name="intervalBed" description="intervals of column 3 greater than or equal to 3"
MA_20601	0	999
