track name="intervalBed" description="intervals of column 5 equal to 1"
MA_20601	17	19
