track name="intervalBed" description="intervals of column 4 equal to 1"
MA_20601	17	36
MA_20601	82	104
MA_20601	171	226
MA_20601	625	693
MA_20601	720	726
MA_20601	880	904
