track name="intervalBed" description="intervals including all positions"
MA_20601	0	999
